base referer
rect $classopenvrml_1_1event__emitter.html 336,132 520,159
rect $classopenvrml_1_1field__value__emitter.html 715,31 1029,57
rect $classopenvrml_1_1field__value__emitter.html 684,81 1060,108
rect $classopenvrml_1_1field__value__emitter.html 691,132 1053,159
rect $classopenvrml_1_1node__impl__util_1_1event__emitter__base.html 676,183 1068,209
rect $classopenvrml_1_1node__impl__util_1_1event__emitter__base.html 668,233 1076,260
rect $classopenvrml_1_1exposedfield.html 1277,247 1549,273
rect $classopenvrml_1_1node__impl__util_1_1abstract__node_1_1event__emitter.html 1128,171 1699,197
rect $classopenvrml_1_1script__node_1_1metadata__changed__emitter.html 1233,56 1593,83
rect $classopenvrml_1_1script__node_1_1url__changed__emitter.html 1256,5 1571,32
rect $classopenvrml_1_1node__impl__util_1_1abstract__node_1_1exposedfield.html 1133,367 1693,393
rect $classopenvrml_1_1event__listener.html 5,360 192,387
rect $classopenvrml_1_1field__value__listener.html 269,461 587,488
rect $classopenvrml_1_1field__value__listener.html 240,284 616,311
rect $classopenvrml_1_1field__value__listener.html 245,335 611,361
rect $classopenvrml_1_1node__event__listener.html 316,385 540,412
rect $classopenvrml_1_1node__field__value__listener.html 695,487 1049,513
rect $classopenvrml_1_1script__node_1_1set__metadata__listener.html 1252,512 1575,539
rect $classopenvrml_1_1script__node_1_1set__url__listener__t.html 1268,461 1559,488
rect $classopenvrml_1_1node__field__value__listener.html 664,284 1080,311
rect $classopenvrml_1_1node__field__value__listener.html 671,335 1073,361
rect $classopenvrml_1_1node__impl__util_1_1event__listener__base.html 676,385 1068,412
rect $classopenvrml_1_1node__impl__util_1_1event__listener__base.html 667,436 1077,463
