base referer
rect $classopenvrml_1_1node.html 6,436 131,463
rect $classopenvrml_1_1appearance__node.html 260,107 471,133
rect $classopenvrml_1_1bounded__volume__node.html 243,157 488,184
rect $classopenvrml_1_1color__node.html 283,208 448,235
rect $classopenvrml_1_1color__rgba__node.html 266,259 466,285
rect $classopenvrml_1_1coordinate__node.html 264,309 467,336
rect $classopenvrml_1_1font__style__node.html 268,360 463,387
rect $classopenvrml_1_1material__node.html 272,411 459,437
rect $classopenvrml_1_1node__impl__util_1_1abstract__node.html 179,461 552,488
rect $classopenvrml_1_1normal__node.html 276,512 455,539
rect $classopenvrml_1_1sound__source__node.html 255,563 476,589
rect $classopenvrml_1_1texture__coordinate__node.html 238,613 494,640
rect $classopenvrml_1_1texture__node.html 276,664 455,691
rect $classopenvrml_1_1texture__transform__node.html 240,715 491,741
rect $classopenvrml_1_1time__dependent__node.html 246,765 486,792
rect $classopenvrml_1_1child__node.html 618,132 780,159
rect $classopenvrml_1_1geometry__node.html 602,183 796,209
rect $classopenvrml_1_1grouping__node.html 895,5 1084,32
rect $classopenvrml_1_1light__node.html 908,56 1071,83
rect $classopenvrml_1_1navigation__info__node.html 874,107 1106,133
rect $classopenvrml_1_1pointing__device__sensor__node.html 847,157 1132,184
rect $classopenvrml_1_1script__node.html 906,208 1074,235
rect $classopenvrml_1_1viewpoint__node.html 892,259 1087,285
rect $classopenvrml_1_1transform__node.html 1192,5 1387,32
rect $classopenvrml_1_1scoped__light__node.html 1182,56 1398,83
